// Jest Snapshot v1, https://goo.gl/fbAQLP

exports[`customField sets the the field correctly 1`] = `
{
  "children": undefined,
  "data": {
    "props": {
      "name": "customFields[Name of Field]",
      "placeholder": "Field Label",
    },
  },
  "elm": undefined,
  "key": undefined,
  "sel": "input",
  "text": undefined,
}
`;
