// Jest Snapshot v1, https://goo.gl/fbAQLP

exports[`customFields with index sets the the field correctly 1`] = `
{
  "children": [
    {
      "children": undefined,
      "data": {
        "props": {
          "name": "customFields[Name of Field]",
          "placeholder": "Field Label",
        },
      },
      "elm": undefined,
      "key": undefined,
      "sel": "input",
      "text": undefined,
    },
    {
      "children": undefined,
      "data": {
        "props": {
          "name": "customFields[Another Field Name]",
          "placeholder": "Label2",
        },
      },
      "elm": undefined,
      "key": undefined,
      "sel": "input",
      "text": undefined,
    },
  ],
  "data": {},
  "elm": undefined,
  "key": undefined,
  "sel": "div",
  "text": undefined,
}
`;
